  Determining projects to restore...
  All projects are up-to-date for restore.
  Determining projects to restore...
  All projects are up-to-date for restore.
  WorkerExtensions -> C:\project\IScream\backend\obj\Debug\net10.0\WorkerExtensions\bin\Release\net8.0\Microsoft.Azure.Functions.Worker.Extensions.dll
  backend -> C:\project\IScream\backend\bin\Debug\net10.0\backend.dll

Build succeeded.
    0 Warning(s)
    0 Error(s)

Time Elapsed 00:00:04.48
